C:\Users\07lee\OneDrive\바탕 화면\학교\1학년\hai\_pj\_2\.venv\Lib\site-packages\torch\autograd\graph.py:829: UserWarning: grid_sampler_2d_backward_xpu does not have a deterministic implementation, but you set 'torch.use_deterministic_algorithms(True, warn_only=True)'. You can file an issue at https://github.com/pytorch/pytorch/issues to help us prioritize adding deterministic support for this operation. (Triggered internally at C:\actions-runner\_work\pytorch\pytorch\pytorch\aten\src\ATen\Context.cpp:97.)
  return Variable._execution_engine.run_backward(  # Calls into the C++ engine to run the backward pass
{
  "status": "passed",
  "device": "xpu",
  "input": [
    1,
    3,
    640,
    640
  ],
  "precision": "fp32",
  "synthetic": true,
  "loss": 38.405357360839844,
  "train_step_seconds": 16.852065299999595,
  "logits_shape": [
    1,
    300,
    10
  ],
  "boxes_shape": [
    1,
    300,
    4
  ],
  "detections": 300,
  "note": "Synthetic smoke only, not BDD100K training or accuracy."
}
